    Finished `test` profile [unoptimized + debuginfo] target(s) in 0.24s
     Running tests/continue_reentry_latency.rs (target/debug/deps/continue_reentry_latency-2f99502801a39c93)

running 4 tests
test measure_alone_single_worker_floor ... == alone: 1 worker, victim only ==
gaps=399 min=14us p50=15us p90=19us p99=89us max=184us
histogram <100us:396 <1ms:3
migrations=0 same-worker p50=15us (n=399) migrated p50=0us (n=0)
ok
test measure_pair_co_resident_unstealable ... [pair: 4 workers, victim + 1 co-resident spinner] placement: victim cursor-slot 1, victim first slice on 0, first spinner slice on 0
== pair: 4 workers, victim + 1 co-resident spinner ==
gaps=399 min=14us p50=15us p90=35us p99=2081us max=2196us
histogram <100us:364 1-3ms:35
migrations=0 same-worker p50=15us (n=399) migrated p50=0us (n=0)
ok
test measure_saturated_all_workers_busy ... [saturated: 4 workers, victim + 9 spinners] placement: victim cursor-slot 1, victim first slice on 0, first spinner slice on 2
== saturated: 4 workers, victim + 9 spinners ==
gaps=399 min=10110us p50=10179us p90=10279us p99=10914us max=20189us
histogram 9-11ms:395 >=11ms:4
migrations=0 same-worker p50=10179us (n=399) migrated p50=0us (n=0)
ok
test measure_trio_co_resident_stealable ... [trio: 4 workers, victim + 2 co-resident spinners] placement: victim cursor-slot 1, victim first slice on 0, first spinner slice on 0
== trio: 4 workers, victim + 2 co-resident spinners ==
gaps=399 min=14us p50=15us p90=17us p99=45us max=102us
histogram <100us:398 <1ms:1
migrations=0 same-worker p50=15us (n=399) migrated p50=0us (n=0)
ok

test result: ok. 4 passed; 0 failed; 0 ignored; 0 measured; 0 filtered out; finished in 4.42s

