    Finished `test` profile [unoptimized + debuginfo] target(s) in 0.11s
     Running tests/continue_reentry_latency.rs (target/debug/deps/continue_reentry_latency-2f99502801a39c93)

running 5 tests
test measure_alone_single_worker_floor ... [alone: 1 worker, victim only] placement: victim cursor-slot 0, victim first slice on 0, parks during sampling 0
== alone: 1 worker, victim only ==
gaps=399 min=14us p50=17us p90=34us p99=77us max=139us
histogram <100us:397 <1ms:2
migrations=0 same-worker p50=17us (n=399) migrated p50=0us (n=0)
slow gaps (>=1ms, first 0 of 0): 
ok
test measure_episodic_collision_resolution ... == episodic: 40 fresh collisions, victim + 2 bounded co-resident spinners ==
gaps=480 min=11us p50=44us p90=2069us p99=2220us max=2300us
histogram <100us:347 <1ms:60 1-3ms:73
migrations=0 same-worker p50=0us (n=0) migrated p50=0us (n=0)
slow gaps (>=1ms, first 60 of 73): 6:2111us 7:2035us 8:2040us 9:2042us 10:2038us 11:2045us 15:2046us 28:2220us 39:2149us 51:2254us 63:2134us 75:2209us 87:2131us 102:2077us 103:2122us 104:2064us 105:2058us 106:2089us 111:2068us 115:2120us 116:2061us 117:2050us 118:2104us 119:2057us 127:2056us 128:2071us 129:2132us 130:2050us 131:2069us 135:2192us 147:2212us 159:2251us 171:2085us 183:2065us 190:2086us 191:2104us 195:2146us 207:2215us 219:2154us 232:2300us 256:2239us 279:2115us 291:2159us 294:2041us 295:2127us 296:2183us 297:2044us 298:2076us 299:2149us 307:2124us 308:2107us 309:2040us 310:2036us 311:2069us 317:2191us 327:2187us 344:2061us 345:2035us 346:2033us 347:2069us
first-gap p50=89us p90=212us max=269us | per-episode max p50=2134us p90=2239us max=2300us (episodes=40)
ok
test measure_pair_co_resident_unstealable ... [pair: 4 workers, victim + 1 co-resident spinner] placement: victim cursor-slot 1, victim first slice on 0, parks during sampling 3
[pair: 4 workers, victim + 1 co-resident spinner] spinners: s0:w0->w2(x1)
== pair: 4 workers, victim + 1 co-resident spinner ==
gaps=399 min=14us p50=16us p90=19us p99=62us max=77us
histogram <100us:399
migrations=0 same-worker p50=16us (n=399) migrated p50=0us (n=0)
slow gaps (>=1ms, first 0 of 0): 
ok
test measure_saturated_all_workers_busy ... [saturated: 4 workers, victim + 9 spinners] placement: victim cursor-slot 1, victim first slice on 3, parks during sampling 0
[saturated: 4 workers, victim + 9 spinners] spinners: s0:w2->w2(x0) s1:w0->w0(x0) s2:w1->w1(x0) s3:w3->w3(x0) s4:w0->w0(x0) s5:w0->w0(x0) s6:w0->w0(x0) s7:w0->w0(x0) s8:w0->w0(x0)
== saturated: 4 workers, victim + 9 spinners ==
gaps=399 min=2025us p50=2033us p90=2080us p99=2133us max=2169us
histogram 1-3ms:399
migrations=0 same-worker p50=2033us (n=399) migrated p50=0us (n=0)
slow gaps (>=1ms, first 60 of 399): 0:2029us 1:2122us 2:2049us 3:2027us 4:2030us 5:2079us 6:2100us 7:2041us 8:2043us 9:2031us 10:2035us 11:2079us 12:2048us 13:2047us 14:2035us 15:2032us 16:2119us 17:2040us 18:2030us 19:2025us 20:2029us 21:2033us 22:2027us 23:2028us 24:2026us 25:2025us 26:2030us 27:2107us 28:2045us 29:2048us 30:2039us 31:2033us 32:2028us 33:2025us 34:2029us 35:2031us 36:2025us 37:2028us 38:2033us 39:2031us 40:2027us 41:2030us 42:2030us 43:2028us 44:2034us 45:2025us 46:2038us 47:2029us 48:2028us 49:2032us 50:2029us 51:2027us 52:2025us 53:2027us 54:2031us 55:2027us 56:2030us 57:2049us 58:2040us 59:2044us
ok
test measure_trio_co_resident_stealable ... [trio: 4 workers, victim + 2 co-resident spinners] placement: victim cursor-slot 1, victim first slice on 0, parks during sampling 20
[trio: 4 workers, victim + 2 co-resident spinners] spinners: s0:w2->w2(x0) s1:w0->w0(x0)
== trio: 4 workers, victim + 2 co-resident spinners ==
gaps=399 min=10us p50=11us p90=15us p99=2073us max=2192us
histogram <100us:372 1-3ms:27
migrations=1 same-worker p50=11us (n=398) migrated p50=65us (n=1)
slow gaps (>=1ms, first 27 of 27): 0:2033us 1:2096us 2:2128us 3:2073us 4:2137us 5:2057us 6:2040us 7:2033us 8:2039us 9:2042us 10:2042us 11:2034us 12:2043us 13:2039us 14:2052us 15:2048us 16:2037us 17:2038us 18:2034us 19:2036us 20:2036us 21:2058us 22:2038us 23:2040us 24:2192us 25:2044us 26:2054us
ok

test result: ok. 5 passed; 0 failed; 0 ignored; 0 measured; 0 filtered out; finished in 1.48s

