   Compiling beamr v0.18.2 (/Users/tom/Developer/ablative/stack/beamr/crates/beamr)
    Finished `test` profile [unoptimized + debuginfo] target(s) in 5.02s
     Running tests/continue_reentry_latency.rs (target/debug/deps/continue_reentry_latency-2f99502801a39c93)

running 5 tests
test measure_alone_single_worker_floor ... [alone: 1 worker, victim only] placement: victim cursor-slot 0, victim first slice on 0, parks during sampling 0
== alone: 1 worker, victim only ==
gaps=399 min=14us p50=16us p90=22us p99=87us max=133us
histogram <100us:396 <1ms:3
migrations=0 same-worker p50=16us (n=399) migrated p50=0us (n=0)
slow gaps (>=1ms, first 0 of 0): 
ok
test measure_episodic_collision_resolution ... == episodic: 40 fresh collisions, victim + 2 bounded co-resident spinners ==
gaps=480 min=12us p50=21us p90=50us p99=88us max=163us
histogram <100us:477 <1ms:3
migrations=0 same-worker p50=0us (n=0) migrated p50=0us (n=0)
slow gaps (>=1ms, first 0 of 0): 
first-gap p50=54us p90=71us max=112us | per-episode max p50=55us p90=88us max=163us (episodes=40)
ok
test measure_pair_co_resident_unstealable ... [pair: 4 workers, victim + 1 co-resident spinner] placement: victim cursor-slot 1, victim first slice on 3, parks during sampling 729
[pair: 4 workers, victim + 1 co-resident spinner] spinners: s0:w0->w0(x0)
== pair: 4 workers, victim + 1 co-resident spinner ==
gaps=399 min=11us p50=16us p90=25us p99=50us max=96us
histogram <100us:399
migrations=0 same-worker p50=16us (n=399) migrated p50=0us (n=0)
slow gaps (>=1ms, first 0 of 0): 
ok
test measure_saturated_all_workers_busy ... [saturated: 4 workers, victim + 9 spinners] placement: victim cursor-slot 1, victim first slice on 3, parks during sampling 0
[saturated: 4 workers, victim + 9 spinners] spinners: s0:w0->w0(x0) s1:w2->w2(x0) s2:w1->w1(x0) s3:w0->w0(x0) s4:w0->w0(x0) s5:w0->w3(x1) s6:w0->w0(x0) s7:w0->w0(x0) s8:w0->w0(x0)
== saturated: 4 workers, victim + 9 spinners ==
gaps=399 min=10us p50=11us p90=13us p99=28us max=72us
histogram <100us:399
migrations=0 same-worker p50=11us (n=399) migrated p50=0us (n=0)
slow gaps (>=1ms, first 0 of 0): 
ok
test measure_trio_co_resident_stealable ... [trio: 4 workers, victim + 2 co-resident spinners] placement: victim cursor-slot 1, victim first slice on 2, parks during sampling 380
[trio: 4 workers, victim + 2 co-resident spinners] spinners: s0:w0->w1(x1) s1:w0->w0(x0)
== trio: 4 workers, victim + 2 co-resident spinners ==
gaps=399 min=11us p50=17us p90=19us p99=50us max=384us
histogram <100us:398 <1ms:1
migrations=0 same-worker p50=17us (n=399) migrated p50=0us (n=0)
slow gaps (>=1ms, first 0 of 0): 
ok

test result: ok. 5 passed; 0 failed; 0 ignored; 0 measured; 0 filtered out; finished in 0.65s

