   Compiling beamr v0.18.2 (/Users/tom/Developer/ablative/stack/beamr/crates/beamr)
    Finished `dev` profile [unoptimized + debuginfo] target(s) in 5.45s
     Running `target/debug/examples/continue_reentry_probe`
[alone: 1 worker, victim only] placement: victim cursor-slot 0, victim first slice on 0, parks during sampling 0
== alone: 1 worker, victim only ==
gaps=399 min=15us p50=18us p90=41us p99=94us max=129us
histogram <100us:396 <1ms:3
migrations=0 same-worker p50=18us (n=399) migrated p50=0us (n=0)
slow gaps (>=1ms, first 0 of 0): 
[pair: 4 workers, victim + 1 co-resident spinner] placement: victim cursor-slot 1, victim first slice on 0, parks during sampling 58
[pair: 4 workers, victim + 1 co-resident spinner] spinners: s0:w0->w1(x1)
== pair: 4 workers, victim + 1 co-resident spinner ==
gaps=399 min=14us p50=18us p90=2043us p99=2138us max=2223us
histogram <100us:344 <1ms:2 1-3ms:53
migrations=0 same-worker p50=18us (n=399) migrated p50=0us (n=0)
slow gaps (>=1ms, first 53 of 53): 0:2044us 1:2091us 2:2077us 3:2081us 4:2092us 5:2042us 6:2034us 7:2046us 8:2099us 9:2052us 10:2056us 11:2113us 12:2129us 13:2040us 14:2043us 15:2107us 16:2134us 17:2043us 18:2075us 19:2104us 20:2138us 21:2057us 22:2075us 23:2050us 24:2043us 25:2034us 26:2124us 27:2147us 28:2149us 29:2119us 30:2068us 31:2046us 32:2037us 33:2142us 34:2050us 35:2049us 36:2037us 37:2138us 38:2059us 39:2223us 40:2125us 41:2048us 42:2038us 43:2051us 44:2035us 45:2034us 46:2043us 47:2116us 48:2124us 49:2037us 50:2036us 51:2069us 52:2103us
[trio: 4 workers, victim + 2 co-resident spinners] placement: victim cursor-slot 1, victim first slice on 2, parks during sampling 1
[trio: 4 workers, victim + 2 co-resident spinners] spinners: s0:w0->w0(x0) s1:w0->w3(x1)
== trio: 4 workers, victim + 2 co-resident spinners ==
gaps=399 min=10us p50=11us p90=13us p99=33us max=124us
histogram <100us:398 <1ms:1
migrations=0 same-worker p50=11us (n=399) migrated p50=0us (n=0)
slow gaps (>=1ms, first 0 of 0): 
[saturated: 4 workers, victim + 9 spinners] placement: victim cursor-slot 1, victim first slice on 3, parks during sampling 0
[saturated: 4 workers, victim + 9 spinners] spinners: s0:w2->w2(x0) s1:w0->w0(x0) s2:w0->w0(x0) s3:w1->w3(x1) s4:w1->w1(x0) s5:w1->w1(x0) s6:w0->w0(x0) s7:w0->w0(x0) s8:w0->w0(x0)
== saturated: 4 workers, victim + 9 spinners ==
gaps=399 min=10us p50=11us p90=13us p99=34us max=87us
histogram <100us:399
migrations=0 same-worker p50=11us (n=399) migrated p50=0us (n=0)
slow gaps (>=1ms, first 0 of 0): 
== episodic: 40 fresh collisions, victim + 2 bounded co-resident spinners ==
gaps=480 min=10us p50=24us p90=2056us p99=2217us max=2671us
histogram <100us:353 <1ms:46 1-3ms:81
migrations=0 same-worker p50=0us (n=0) migrated p50=0us (n=0)
slow gaps (>=1ms, first 60 of 81): 3:2116us 15:2098us 27:2142us 39:2221us 63:2129us 81:2068us 82:2042us 83:2047us 87:2153us 99:2057us 100:2108us 102:2047us 103:2045us 104:2203us 105:2042us 106:2054us 107:2043us 111:2203us 123:2145us 159:2161us 171:2192us 187:2058us 188:2039us 189:2074us 190:2047us 191:2040us 195:2224us 200:2058us 201:2052us 202:2046us 203:2060us 219:2080us 223:2101us 224:2146us 225:2046us 226:2040us 227:2043us 231:2150us 243:2131us 255:2095us 267:2221us 279:2143us 291:2097us 294:2041us 295:2046us 296:2039us 297:2035us 298:2038us 299:2087us 309:2055us 310:2072us 311:2054us 316:2671us 323:2091us 327:2120us 339:2125us 351:2196us 363:2149us 375:2249us 387:2115us
first-gap p50=80us p90=148us max=197us | per-episode max p50=2131us p90=2221us max=2671us (episodes=40)
