pin:      bb96894c44f12d9c3ff7934b859692addf5da94c
tree pre: 0 modified
opened:   2026-08-14T13:12:56Z
legs declared: 8
=== leg 1/8 : fmt ===
    rc=0
=== leg 2/8 : clippy ===
    rc=0
=== leg 3/8 : wasm32-check ===
    rc=0
=== leg 4/8 : wasm-tests ===
    rc=0
=== leg 5/8 : tests ===
    rc=0
=== leg 6/8 : blocking-call-in-native-bif ===
    rc=0
=== leg 7/8 : clippy-all-features ===
    rc=0
=== leg 8/8 : tests-all-features ===
    rc=0
--- scored: 8 / declared: 8 ---
--- tree post: 0 ---
--- pin post:  bb96894c44f12d9c3ff7934b859692addf5da94c ---
COMPLETE (derived: 8/8, pin stable)
CLOSE 2026-08-14T13:22:37Z
