   Compiling beamr v0.18.2 (/Users/tom/Developer/ablative/stack/beamr/crates/beamr)
warning: field `packed` is never read
   --> crates/beamr/src/scheduler/inventory.rs:415:5
    |
414 | pub(super) struct VmCensusRegistration {
    |                   -------------------- field in this struct
415 |     packed: u64,
    |     ^^^^^^
    |
    = note: `#[warn(dead_code)]` (part of `#[warn(unused)]`) on by default

warning: `beamr` (lib) generated 1 warning
    Finished `test` profile [unoptimized + debuginfo] target(s) in 5.31s
     Running tests/process_vm_census.rs (target/debug/deps/process_vm_census-7803f3f8982d9ac8)

running 1 test
test census_counts_constructed_not_yet_dropped_vms_with_their_spawned_workers ... FAILED

failures:

---- census_counts_constructed_not_yet_dropped_vms_with_their_spawned_workers stdout ----

thread 'census_counts_constructed_not_yet_dropped_vms_with_their_spawned_workers' (11530418) panicked at crates/beamr/tests/process_vm_census.rs:57:5:
assertion `left == right` failed
  left: 2
 right: 1
note: run with `RUST_BACKTRACE=1` environment variable to display a backtrace


failures:
    census_counts_constructed_not_yet_dropped_vms_with_their_spawned_workers

test result: FAILED. 0 passed; 1 failed; 0 ignored; 0 measured; 0 filtered out; finished in 0.01s

error: test failed, to rerun pass `-p beamr --test process_vm_census`
