pin:      49f5965287ea00aeec81a30c5e2bdcb20fa83f8d
tree pre: 1 modified
opened:   2026-08-18T13:31:56Z
legs declared: 9
=== leg 1/9 : fmt ===
    rc=0
=== leg 2/9 : clippy ===
    rc=0
=== leg 3/9 : wasm32-check ===
    rc=0
=== leg 4/9 : wasm-tests ===
    rc=0
=== leg 5/9 : tests ===
    rc=0
=== leg 6/9 : blocking-call-in-native-bif ===
    rc=0
=== leg 7/9 : clippy-all-features ===
    rc=0
=== leg 8/9 : tests-all-features ===
    rc=0
=== leg 9/9 : nostd-ratchet ===
    rc=0
--- scored: 9 / declared: 9 ---
--- tree post: 1 ---
--- pin post:  49f5965287ea00aeec81a30c5e2bdcb20fa83f8d ---
CLOSE 2026-08-18T13:37:30Z
