pin:      2bddceb12cd84ce11d8b9e374e086dda53b0ccd6
tree pre: 1 modified
opened:   2026-08-16T21:10:47Z
legs declared: 9
=== leg 1/9 : fmt ===
    rc=0
=== leg 2/9 : clippy ===
    rc=0
=== leg 3/9 : wasm32-check ===
    rc=0
=== leg 4/9 : wasm-tests ===
    rc=0
=== leg 5/9 : tests ===
    rc=0
=== leg 6/9 : blocking-call-in-native-bif ===
    rc=0
=== leg 7/9 : clippy-all-features ===
    rc=0
=== leg 8/9 : tests-all-features ===
    rc=0
=== leg 9/9 : nostd-ratchet ===
    rc=0
--- scored: 9 / declared: 9 ---
--- tree post: 11 ---
--- pin post:  2bddceb12cd84ce11d8b9e374e086dda53b0ccd6 ---
COMPLETE (derived: 9/9, pin stable)
CLOSE 2026-08-16T21:14:22Z
