    rc=0
=== leg 2/8 : clippy ===
    rc=0
=== leg 3/8 : wasm32-check ===
    rc=0
=== leg 4/8 : wasm-tests ===
    rc=0
=== leg 5/8 : tests ===
    rc=0
=== leg 6/8 : blocking-call-in-native-bif ===
    rc=0
=== leg 7/8 : clippy-all-features ===
    rc=0
=== leg 8/8 : tests-all-features ===
    rc=0
--- scored: 8 / declared: 8 ---
--- tree post: 1 ---
--- pin post:  69a7df232933c9133a3258259f28891a249c61dc ---
COMPLETE (derived: 8/8, pin stable)
CLOSE 2026-08-14T14:09:58Z

[exited with code 0]
