pin:      94856f3c2064eedcd98411cbfc50d6dc9f2dd45b
tree pre: 0 modified
opened:   2026-08-14T12:39:11Z
legs declared: 8
=== leg 1/8 : fmt ===
    rc=0
=== leg 2/8 : clippy ===
    rc=0
=== leg 3/8 : wasm32-check ===
    rc=0
=== leg 4/8 : wasm-tests ===
    rc=0
=== leg 5/8 : tests ===
    rc=0
=== leg 6/8 : blocking-call-in-native-bif ===
    rc=0
=== leg 7/8 : clippy-all-features ===
    rc=0
=== leg 8/8 : tests-all-features ===
    rc=0
--- scored: 8 / declared: 8 ---
--- tree post: 0 ---
--- pin post:  94856f3c2064eedcd98411cbfc50d6dc9f2dd45b ---
COMPLETE (derived: 8/8, pin stable)
CLOSE 2026-08-14T12:49:58Z
