   Compiling cfg-if v1.0.4
   Compiling foldhash v0.2.0
   Compiling libc v0.2.186
   Compiling pin-project-lite v0.2.17
   Compiling proc-macro2 v1.0.106
   Compiling libm v0.2.16
   Compiling once_cell v1.21.4
   Compiling log v0.4.32
   Compiling crossbeam-utils v0.8.21
   Compiling hashbrown v0.17.1
   Compiling cranelift-codegen-shared v0.131.2
   Compiling smallvec v1.15.1
   Compiling hashbrown v0.16.1
   Compiling fnv v1.0.7
   Compiling cranelift-codegen-meta v0.131.2
   Compiling serde_core v1.0.228
   Compiling allocator-api2 v0.2.21
   Compiling equivalent v1.0.2
   Compiling arbitrary v1.4.2
   Compiling quote v1.0.45
   Compiling jobserver v0.1.34
   Compiling bumpalo v3.20.3
   Compiling rustc-hash v2.1.2
   Compiling syn v2.0.117
   Compiling cc v1.2.63
   Compiling indexmap v2.14.0
   Compiling rand_core v0.10.1
   Compiling regalloc2 v0.15.1
   Compiling cranelift-assembler-x64 v0.131.2
   Compiling target-lexicon v0.13.5
   Compiling futures-core v0.3.32
   Compiling wasmtime-internal-core v44.0.2
   Compiling gimli v0.33.0
   Compiling cranelift-control v0.131.2
   Compiling zmij v1.0.21
   Compiling camino v1.2.2
   Compiling cranelift-bitset v0.131.2
   Compiling cranelift-entity v0.131.2
   Compiling getrandom v0.4.2
   Compiling errno v0.3.14
   Compiling cranelift-bforest v0.131.2
   Compiling crossbeam-epoch v0.9.18
   Compiling bitflags v2.13.0
   Compiling ecow v0.2.6
   Compiling itoa v1.0.18
   Compiling futures-sink v0.3.32
   Compiling memchr v2.8.1
   Compiling crossbeam-deque v0.8.6
   Compiling rustix v1.1.4
   Compiling zstd-sys v2.0.16+zstd.1.5.7
   Compiling futures-task v0.3.32
   Compiling slab v0.4.12
   Compiling anyhow v1.0.102
   Compiling gleam-types v0.4.3 (/Users/tom/Developer/ablative/stack/beamr-67/crates/gleam-types)
   Compiling mach2 v0.4.3
   Compiling cranelift-codegen v0.131.2
   Compiling serde_json v1.0.150
   Compiling mio v1.2.1
   Compiling socket2 v0.6.4
   Compiling scopeguard v1.2.0
   Compiling adler2 v2.0.1
   Compiling simd-adler32 v0.3.9
   Compiling bytes v1.11.1
   Compiling bitflags v1.3.2
   Compiling region v3.0.2
   Compiling miniz_oxide v0.8.9
   Compiling lock_api v0.4.14
   Compiling crc32fast v1.5.0
   Compiling parking_lot_core v0.9.12
   Compiling wasmtime-internal-jit-icache-coherence v44.0.2
   Compiling chacha20 v0.10.0
   Compiling hashbrown v0.14.5
   Compiling rand v0.10.1
   Compiling flate2 v1.1.9
   Compiling num_cpus v1.17.0
   Compiling crossbeam-queue v0.3.12
   Compiling crossbeam-channel v0.5.15
   Compiling web-time v1.1.0
   Compiling base64 v0.22.1
   Compiling unicode-segmentation v1.13.3
   Compiling dashmap v6.2.1
   Compiling md5 v0.8.0
   Compiling num-traits v0.2.19
   Compiling cast v0.3.0
   Compiling getrandom v0.3.4
   Compiling oorandom v11.1.5
   Compiling rand_core v0.9.5
   Compiling regex-syntax v0.8.10
   Compiling either v1.16.0
   Compiling alloca v0.4.0
   Compiling plotters-backend v0.3.7
   Compiling anstyle v1.0.14
   Compiling fastrand v2.4.1
   Compiling ciborium-io v0.2.2
   Compiling clap_lex v1.1.0
   Compiling tracing-core v0.1.36
   Compiling tempfile v3.27.0
   Compiling clap_builder v4.6.0
   Compiling tracing v0.1.44
   Compiling plotters-svg v0.3.7
   Compiling itertools v0.13.0
   Compiling rayon-core v1.13.0
   Compiling futures-macro v0.3.32
   Compiling serde_derive v1.0.228
   Compiling futures-util v0.3.32
   Compiling tokio-macros v2.7.0
   Compiling zerocopy-derive v0.8.50
   Compiling tokio v1.52.3
   Compiling zerocopy v0.8.50
   Compiling thiserror-impl v2.0.18
   Compiling regex-automata v0.4.14
   Compiling thiserror v2.0.18
   Compiling wait-timeout v0.2.1
   Compiling bit-vec v0.8.0
   Compiling serde v1.0.228
   Compiling same-file v1.0.6
   Compiling quick-error v1.2.3
   Compiling rusty-fork v0.3.1
   Compiling walkdir v2.5.0
   Compiling futures-executor v0.3.32
   Compiling bit-set v0.8.0
   Compiling opentelemetry v0.32.0
   Compiling clap v4.6.1
   Compiling criterion-plot v0.8.2
   Compiling rayon v1.12.0
   Compiling tinytemplate v1.2.1
   Compiling plotters v0.3.7
   Compiling regex v1.12.3
   Compiling rand_xorshift v0.4.0
   Compiling futures-channel v0.3.32
   Compiling page_size v0.6.0
   Compiling anes v0.1.6
   Compiling unarray v0.1.4
   Compiling percent-encoding v2.3.2
   Compiling wasm-bindgen-shared v0.2.123
   Compiling async-trait v0.1.89
   Compiling wasm-bindgen-macro-support v0.2.123
   Compiling wasm-bindgen-test-macro v0.3.73
   Compiling nu-ansi-term v0.50.3
   Compiling wasm-bindgen-test-shared v0.2.123
   Compiling zstd-safe v7.2.4
   Compiling ppv-lite86 v0.2.21
   Compiling half v2.7.1
   Compiling rand_chacha v0.9.0
   Compiling zstd v0.13.3
   Compiling ciborium-ll v0.2.2
   Compiling rand v0.9.4
   Compiling ciborium v0.2.2
   Compiling beamr v0.16.2 (/Users/tom/Developer/ablative/stack/beamr-67/crates/beamr)
   Compiling beamr-wasm v0.7.0 (/Users/tom/Developer/ablative/stack/beamr-67/crates/beamr-wasm)
   Compiling criterion v0.8.2
   Compiling opentelemetry_sdk v0.32.1
   Compiling proptest v1.11.0
   Compiling wasm-bindgen-macro v0.2.123
   Compiling wasm-bindgen v0.2.123
   Compiling js-sys v0.3.100
   Compiling wasm-bindgen-futures v0.4.73
   Compiling serde-wasm-bindgen v0.6.5
   Compiling wasm-bindgen-test v0.3.73
   Compiling cranelift-module v0.131.2
   Compiling cranelift-native v0.131.2
   Compiling cranelift-frontend v0.131.2
   Compiling cranelift-jit v0.131.2
   Compiling beamr-cli v0.4.0 (/Users/tom/Developer/ablative/stack/beamr-67/crates/beamr-cli)
    Finished `test` profile [unoptimized + debuginfo] target(s) in 2m 40s
     Running unittests src/lib.rs (target/debug/deps/beamr-0755ceed1b97abd1)
     Running tests/bif_registry_replacement.rs (target/debug/deps/bif_registry_replacement-b3c4e985aa9a9bc3)
     Running tests/bignum_edges.rs (target/debug/deps/bignum_edges-2ee79cd830059667)
     Running tests/bs_create_bin.rs (target/debug/deps/bs_create_bin-9455fefed76d5caf)
     Running tests/capability_policy.rs (target/debug/deps/capability_policy-6a36368dbd8b3e8e)
     Running tests/caught_exception_exit.rs (target/debug/deps/caught_exception_exit-cb0c636df55074b2)
     Running tests/composition_report.rs (target/debug/deps/composition_report-161f5df7ba59d973)
     Running tests/connection_events_e2e.rs (target/debug/deps/connection_events_e2e-dfe400d61870ef17)
     Running tests/differential.rs (target/debug/deps/differential-a8151a15cab1c1dc)
     Running tests/dirty_scheduler.rs (target/debug/deps/dirty_scheduler-0d3324523fa1a87e)
     Running tests/distribution_e2e.rs (target/debug/deps/distribution_e2e-acc0cf0dc2b9e582)
     Running tests/distribution_mesh_handshake.rs (target/debug/deps/distribution_mesh_handshake-d67b0fb9656d77d2)
     Running tests/embedded_loading.rs (target/debug/deps/embedded_loading-377beb0d9540554f)
     Running tests/encode_round_trip.rs (target/debug/deps/encode_round_trip-e4a7c6dfd793ed0c)
     Running tests/function_clause_e2e.rs (target/debug/deps/function_clause_e2e-eb14803e0c608ad2)
     Running tests/gc_integration.rs (target/debug/deps/gc_integration-aaa5382019e28a45)
     Running tests/gleam_gate_e2e.rs (target/debug/deps/gleam_gate_e2e-410d084699967312)
     Running tests/gleam_otp_actor_spike.rs (target/debug/deps/gleam_otp_actor_spike-c2467947c2e86696)
     Running tests/guard_bif_unavailable.rs (target/debug/deps/guard_bif_unavailable-6b1a24e7be9ff476)
     Running tests/hot_code_loading.rs (target/debug/deps/hot_code_loading-56a27a66d123823d)
     Running tests/if_clause_e2e.rs (target/debug/deps/if_clause_e2e-661cc3a6d7367c76)
     Running tests/is_function2_guard.rs (target/debug/deps/is_function2_guard-d5836b5a34058f48)
     Running tests/is_function_bif.rs (target/debug/deps/is_function_bif-19eda68a6ecd48a3)
     Running tests/jit_blocking_receive_e2e.rs (target/debug/deps/jit_blocking_receive_e2e-c069183d3ea5d68d)
     Running tests/jit_deopt_replay_probe.rs (target/debug/deps/jit_deopt_replay_probe-1136ff6a1fd272b7)
     Running tests/jit_nif_private_data.rs (target/debug/deps/jit_nif_private_data-048148445b785308)
     Running tests/jit_slicer_retention.rs (target/debug/deps/jit_slicer_retention-7b81bf69311f81cf)
     Running tests/jit_wireup.rs (target/debug/deps/jit_wireup-15c71a40a1096cdf)
     Running tests/link_distribution_e2e.rs (target/debug/deps/link_distribution_e2e-f83ab660f54fbfe5)
     Running tests/local_send_gate.rs (target/debug/deps/local_send_gate-4b00b9a6f62853b8)
     Running tests/memory_stability.rs (target/debug/deps/memory_stability-2ac5f78e506342ed)
     Running tests/mfa_provenance_e2e.rs (target/debug/deps/mfa_provenance_e2e-14bff21924b54382)
     Running tests/monitor_down_e2e.rs (target/debug/deps/monitor_down_e2e-18bb578c80cca0bb)
     Running tests/namespace_isolation.rs (target/debug/deps/namespace_isolation-dd6504db1af000be)
     Running tests/native_actor.rs (target/debug/deps/native_actor-e252902c51c455ec)
     Running tests/native_process.rs (target/debug/deps/native_process-996a5ec45155d669)
     Running tests/native_supervision.rs (target/debug/deps/native_supervision-9e9cba60a42bf111)
     Running tests/nif_private_data.rs (target/debug/deps/nif_private_data-01faaa862faf9fc9)
     Running tests/no_box_leak.rs (target/debug/deps/no_box_leak-fe7a63aaa0560fca)
     Running tests/otp_integration.rs (target/debug/deps/otp_integration-7d22f1257d7e0f1e)
     Running tests/otp_loading.rs (target/debug/deps/otp_loading-0ac48085b0e94695)
     Running tests/otp_zero_unresolved.rs (target/debug/deps/otp_zero_unresolved-0bba8f595f289d4a)
     Running tests/pg_distribution_e2e.rs (target/debug/deps/pg_distribution_e2e-c4877fa37d2f3774)
     Running tests/proof_of_life.rs (target/debug/deps/proof_of_life-4f6682172ce3cdfe)
     Running tests/readiness_facility.rs (target/debug/deps/readiness_facility-7843b8108c00e33f)
     Running tests/recv_after_timeout.rs (target/debug/deps/recv_after_timeout-e325c323facdcb8e)
     Running tests/recv_marker.rs (target/debug/deps/recv_marker-6d52fdbb1582a3b4)
     Running tests/sample_workflow_e2e.rs (target/debug/deps/sample_workflow_e2e-23ca75faa595dfee)
     Running tests/sleep_forever_parks.rs (target/debug/deps/sleep_forever_parks-92efe78680854792)
     Running tests/stdlib_loading.rs (target/debug/deps/stdlib_loading-73307a2402c35fa7)
     Running tests/supervision_integration.rs (target/debug/deps/supervision_integration-99e7ef8d48af443d)
     Running tests/suspend_reexec.rs (target/debug/deps/suspend_reexec-d8ce922b6cdd3e17)
     Running tests/suspend_result_binary.rs (target/debug/deps/suspend_result_binary-0e5b96216406e536)
     Running tests/suspend_wakeup.rs (target/debug/deps/suspend_wakeup-159fef4a156a6000)
     Running tests/tagged_tuple_patterns.rs (target/debug/deps/tagged_tuple_patterns-7a48dd74b74d5b0b)
     Running tests/thread_inventory.rs (target/debug/deps/thread_inventory-849cfff68924ad5e)
     Running tests/thread_inventory_disabled.rs (target/debug/deps/thread_inventory_disabled-8d55caf0d51f8ccc)
     Running tests/thread_inventory_distribution.rs (target/debug/deps/thread_inventory_distribution-f75978d1f33e6c6c)
     Running tests/thread_inventory_minimal.rs (target/debug/deps/thread_inventory_minimal-7b8f5f5e2e711d85)
     Running tests/timer_resident_cost.rs (target/debug/deps/timer_resident_cost-fa1695362d2f0fc6)
     Running tests/with_services.rs (target/debug/deps/with_services-75891182a8e0c5ce)
     Running unittests src/main.rs (target/debug/deps/beamr-075385ed42f06022)
     Running tests/dir_load_stderr.rs (target/debug/deps/dir_load_stderr-8372d826f45df2e0)
     Running unittests src/lib.rs (target/debug/deps/beamr_wasm-f69230a22b4e9f49)
     Running tests/generated_bootstrap.rs (target/debug/deps/generated_bootstrap-e376bbcfc7320e01)
     Running tests/profile_seal.rs (target/debug/deps/profile_seal-4fd20789003a1eef)
     Running unittests src/lib.rs (target/debug/deps/gleam_types-bb97e4203452a0cc)
     Running unittests src/main.rs (target/debug/deps/gleam_types-ad2193bbf888b9a7)
   Doc-tests beamr
   Doc-tests beamr_wasm
   Doc-tests gleam_types
