   Compiling proc-macro2 v1.0.107
   Compiling quote v1.0.47
   Compiling wasm-bindgen-shared v0.2.127
   Compiling libc v0.2.189
   Compiling find-msvc-tools v0.1.11
   Compiling rustversion v1.0.23
   Compiling pkg-config v0.3.34
    Checking futures-core v0.3.34
   Compiling serde_core v1.0.229
    Checking futures-task v0.3.34
   Compiling crossbeam-utils v0.8.22
    Checking futures-util v0.3.34
   Compiling getrandom v0.4.3
   Compiling zmij v1.0.23
   Compiling camino v1.2.5
    Checking smallvec v1.15.2
   Compiling serde_json v1.0.151
    Checking simd-adler32 v0.3.10
   Compiling serde v1.0.229
    Checking miniz_oxide v0.8.9
   Compiling jobserver v0.1.35
   Compiling syn v2.0.119
   Compiling wasm-bindgen v0.2.127
   Compiling syn v3.0.3
   Compiling cc v1.4.3
    Checking parking_lot_core v0.9.12
    Checking chacha20 v0.10.1
    Checking memchr v2.8.3
    Checking dashmap v6.2.1
   Compiling zstd-sys v2.0.16+zstd.1.5.7
    Checking flate2 v1.1.9
    Checking crossbeam-queue v0.3.13
    Checking md5 v0.8.1
    Checking base64 v0.23.1
   Compiling serde_derive v1.0.229
   Compiling wasm-bindgen-macro-support v0.2.127
   Compiling wasm-bindgen-macro v0.2.127
    Checking gleam-types v0.4.4 (/Users/tom/Developer/ablative/stack/beamr/crates/gleam-types)
   Compiling zstd-safe v7.2.4
   Compiling zstd v0.13.3
   Compiling beamr v0.19.1 (/Users/tom/Developer/ablative/stack/beamr/crates/beamr)
   Compiling beamr-wasm v0.9.0 (/Users/tom/Developer/ablative/stack/beamr/crates/beamr-wasm)
    Checking js-sys v0.3.104
    Checking rand v0.10.2
    Checking web-time v1.1.0
    Checking serde-wasm-bindgen v0.6.5
    Checking wasm-bindgen-futures v0.4.77
    Finished `dev` profile [unoptimized + debuginfo] target(s) in 4m 51s
