pin:      1965650d1a003fb7076047fdeee114cca7905b32
tree pre: 6 modified
opened:   2026-08-16T09:48:38Z
legs declared: 8
=== leg 1/8 : fmt ===
    rc=1
=== leg 2/8 : clippy ===
    rc=0
=== leg 3/8 : wasm32-check ===
    rc=0
=== leg 4/8 : wasm-tests ===
    rc=0
=== leg 5/8 : tests ===
    rc=0
=== leg 6/8 : blocking-call-in-native-bif ===
    rc=0
=== leg 7/8 : clippy-all-features ===
    rc=0
=== leg 8/8 : tests-all-features ===
    rc=0
--- scored: 8 / declared: 8 ---
--- tree post: 6 ---
--- pin post:  1965650d1a003fb7076047fdeee114cca7905b32 ---
COMPLETE (derived: 8/8, pin stable)
CLOSE 2026-08-16T09:55:08Z
