   Compiling unicode-ident v1.0.24
   Compiling num-traits v0.2.19
   Compiling serde_json v1.0.150
   Compiling beamr v0.16.2 (/Users/tom/Developer/ablative/stack/beamr-64/crates/beamr)
   Compiling proc-macro2 v1.0.106
   Compiling quote v1.0.45
   Compiling syn v2.0.117
   Compiling plotters v0.3.7
   Compiling zerocopy-derive v0.8.50
   Compiling serde_derive v1.0.228
   Compiling thiserror-impl v2.0.18
   Compiling futures-macro v0.3.32
   Compiling tokio-macros v2.7.0
   Compiling tokio v1.52.3
   Compiling futures-util v0.3.32
   Compiling thiserror v2.0.18
   Compiling zerocopy v0.8.50
   Compiling serde v1.0.228
   Compiling opentelemetry v0.32.0
   Compiling futures-executor v0.3.32
   Compiling tinytemplate v1.2.1
   Compiling ppv-lite86 v0.2.21
   Compiling half v2.7.1
   Compiling rand_chacha v0.9.0
   Compiling ciborium-ll v0.2.2
   Compiling rand v0.9.4
   Compiling ciborium v0.2.2
   Compiling opentelemetry_sdk v0.32.1
   Compiling proptest v1.11.0
   Compiling criterion v0.8.2
    Finished `test` profile [unoptimized + debuginfo] target(s) in 36.27s
     Running unittests src/lib.rs (target/debug/deps/beamr-855e48ea83f5646c)

running 1 test
#64 D2 measurement: typical/LINK encodes to 74 bytes
#64 D2 measurement: typical/UNLINK encodes to 74 bytes
#64 D2 measurement: typical/EXIT encodes to 88 bytes
#64 D2 measurement: typical/EXIT2 encodes to 88 bytes
#64 D2 measurement: atom-ceiling/LINK encodes to 131117 bytes
#64 D2 measurement: atom-ceiling/UNLINK encodes to 131117 bytes
#64 D2 measurement: atom-ceiling/EXIT encodes to 131131 bytes
#64 D2 measurement: atom-ceiling/EXIT2 encodes to 131131 bytes
#64 D2 measurement: worst-case control frame = 131131 bytes
#64 D2 measurement: control lane at full 256-slot occupancy retains at most 33569536 bytes
test distribution::sender::tests::control_frame_encoded_sizes_measured_at_the_bytes ... ok

test result: ok. 1 passed; 0 failed; 0 ignored; 0 measured; 1774 filtered out; finished in 0.00s

