   Compiling libc v0.2.186
   Compiling find-msvc-tools v0.1.9
   Compiling shlex v2.0.1
   Compiling pkg-config v0.3.33
    Checking cfg-if v1.0.4
   Compiling zstd-safe v7.2.4
   Compiling crossbeam-utils v0.8.21
   Compiling camino v1.2.2
   Compiling parking_lot_core v0.9.12
    Checking rand_core v0.10.1
   Compiling serde_core v1.0.228
   Compiling getrandom v0.4.2
   Compiling crc32fast v1.5.0
   Compiling zmij v1.0.21
   Compiling serde_json v1.0.150
    Checking scopeguard v1.2.0
    Checking simd-adler32 v0.3.9
    Checking adler2 v2.0.1
    Checking smallvec v1.15.1
    Checking miniz_oxide v0.8.9
    Checking lock_api v0.4.14
    Checking chacha20 v0.10.0
    Checking memchr v2.8.1
    Checking itoa v1.0.18
    Checking hashbrown v0.14.5
    Checking ecow v0.2.6
    Checking once_cell v1.21.4
    Checking base64 v0.22.1
    Checking web-time v1.1.0
    Checking md5 v0.8.0
    Checking unicode-segmentation v1.13.3
    Checking crossbeam-queue v0.3.12
    Checking gleam-types v0.4.3 (/Users/tom/Developer/ablative/stack/beamr/crates/gleam-types)
   Compiling jobserver v0.1.34
    Checking rand v0.10.1
    Checking dashmap v6.2.1
   Compiling cc v1.2.63
    Checking flate2 v1.1.9
   Compiling zstd-sys v2.0.16+zstd.1.5.7
   Compiling zstd v0.13.3
   Compiling beamr v0.17.0 (/Users/tom/Developer/ablative/stack/beamr/crates/beamr)
    Finished `dev` profile [unoptimized + debuginfo] target(s) in 11.69s
