error: no test target named `jit_send_delivery_gate` in `beamr` package
help: available test targets:
    bif_registry_replacement
    bignum_edges
    bs_create_bin
    capability_policy
    caught_exception_exit
    composition_report
    connection_events_e2e
    differential
    dirty_scheduler
    distribution_e2e
    distribution_mesh_handshake
    embedded_loading
    encode_round_trip
    function_clause_e2e
    gc_integration
    gleam_gate_e2e
    gleam_otp_actor_spike
    guard_bif_unavailable
    hot_code_loading
    if_clause_e2e
    is_function2_guard
    is_function_bif
    jit_blocking_receive_e2e
    jit_deopt_replay_probe
    jit_nif_private_data
    jit_slicer_retention
    jit_wireup
    link_distribution_e2e
    local_send_gate
    memory_stability
    mfa_provenance_e2e
    monitor_down_e2e
    namespace_isolation
    native_actor
    native_process
    native_supervision
    nif_private_data
    no_box_leak
    otp_integration
    otp_loading
    otp_zero_unresolved
    pg_distribution_e2e
    proof_of_life
    readiness_facility
    recv_after_timeout
    recv_marker
    sample_workflow_e2e
    sleep_forever_parks
    stdlib_loading
    supervision_integration
    suspend_reexec
    suspend_result_binary
    suspend_wakeup
    tagged_tuple_patterns
    thread_inventory
    thread_inventory_disabled
    thread_inventory_distribution
    thread_inventory_minimal
    timer_resident_cost
    with_services
