T3	application	loaded	None	ok
T3	beam_lib	loaded	None	ok
T3	beam_validator	loaded	None	ok
T3	binary	loaded	None	ok
T3	code	loaded	None	ok
T3	compile	loaded	None	ok
T3	epp	loaded	None	ok
T3	erl_anno	loaded	None	ok
T3	erl_eval	decode-failed	186	ok
T3	erl_expand_records	loaded	None	ok
T3	erl_internal	loaded	None	ok
T3	erl_parse	loaded	None	ok
T3	erl_scan	loaded	None	ok
T3	erlang	loaded	None	ok
T3	erpc	loaded	None	ok
T3	error_handler	loaded	None	ok
T3	error_logger	loaded	None	ok
T3	erts_internal	loaded	None	ok
T3	ets	loaded	None	ok
T3	file	loaded	None	ok
T3	filelib	loaded	None	ok
T3	filename	loaded	None	ok
T3	gen	loaded	None	ok
T3	gen_event	loaded	None	ok
T3	gen_server	loaded	None	ok
T3	global	loaded	None	ok
T3	init	loaded	None	ok
T3	io	loaded	None	ok
T3	io_lib	decode-failed	186	ok
T3	json	loaded	None	ok
T3	lists	loaded	None	ok
T3	logger	loaded	None	ok
T3	maps	loaded	None	ok
T3	math	loaded	None	ok
T3	net_adm	loaded	None	ok
T3	net_kernel	loaded	None	ok
T3	orddict	loaded	None	ok
T3	ordsets	loaded	None	ok
T3	os	loaded	None	ok
T3	otp_internal	loaded	None	ok
T3	persistent_term	loaded	None	ok
T3	prim_tty	loaded	None	ok
T3	proc_lib	loaded	None	ok
T3	proplists	loaded	None	ok
T3	queue	loaded	None	ok
T3	rand	decode-failed	185	ok
T3	re	loaded	None	ok
T3	sets	loaded	None	ok
T3	string	loaded	None	ok
T3	supervisor	loaded	None	ok
T3	sys	loaded	None	ok
T3	timer	loaded	None	ok
T3	unicode	loaded	None	ok
T3	unicode_util	loaded	None	ok
T3	uri_string	loaded	None	ok
T3	user_drv	loaded	None	ok
T3	v3_core	loaded	None	ok
T3	application_controller	loaded	None	ok
T3	application_master	loaded	None	ok
T3	auth	loaded	None	ok
T3	beam_asm	loaded	None	ok
T3	beam_bounds	loaded	None	ok
T3	beam_call_types	loaded	None	ok
T3	beam_core_to_ssa	loaded	None	ok
T3	beam_doc	loaded	None	ok
T3	beam_listing	loaded	None	ok
T3	beam_ssa_check	loaded	None	ok
T3	beam_types	loaded	None	ok
T3	beam_utils	loaded	None	ok
T3	c	loaded	None	ok
T3	cerl	loaded	None	ok
T3	cerl_inline	loaded	None	ok
T3	cerl_trees	loaded	None	ok
T3	code_server	loaded	None	ok
T3	core_lib	loaded	None	ok
T3	core_lint	loaded	None	ok
T3	core_parse	loaded	None	ok
T3	core_scan	loaded	None	ok
T3	crypto	loaded	None	ok
T3	dets	loaded	None	ok
T3	disk_log	loaded	None	ok
T3	dist_ac	loaded	None	ok
T3	edlin	loaded	None	ok
T3	erl_bits	loaded	None	ok
T3	erl_distribution	loaded	None	ok
T3	erl_error	loaded	None	ok
T3	erl_features	loaded	None	ok
T3	erl_init	loaded	None	ok
T3	erl_lint	loaded	None	ok
T3	erl_posix_msg	loaded	None	ok
T3	erl_pp	loaded	None	ok
T3	erl_prim_loader	loaded	None	ok
T3	erts_code_purger	loaded	None	ok
T3	erts_debug	loaded	None	ok
T3	erts_literal_area_collector	loaded	None	ok
T3	eval_bits	loaded	None	ok
T3	gb_sets	loaded	None	ok
T3	gb_trees	loaded	None	ok
T3	gen_statem	loaded	None	ok
T3	gen_tcp	loaded	None	ok
T3	global_group	loaded	None	ok
T3	group	loaded	None	ok
T3	inet	loaded	None	ok
T3	inet_config	loaded	None	ok
T3	inet_db	decode-failed	185	ok
T3	inet_parse	loaded	None	ok
T3	io_ansi	loaded	None	ok
T3	io_lib_format	loaded	None	ok
T3	io_lib_fread	decode-failed	185	ok
T3	io_lib_pretty	decode-failed	186	ok
T3	kernel_refc	loaded	None	ok
T3	logger_backend	loaded	None	ok
T3	logger_config	loaded	None	ok
T3	logger_handler_watcher	loaded	None	ok
T3	logger_proxy	loaded	None	ok
T3	logger_server	loaded	None	ok
T3	ms_transform	loaded	None	ok
T3	pool	loaded	None	ok
T3	prim_eval	loaded	None	ok
T3	prim_file	loaded	None	ok
T3	qlc	loaded	None	ok
T3	ram_file	loaded	None	ok
T3	raw_file_io	loaded	None	ok
T3	records	loaded	None	ok
T3	rpc	loaded	None	ok
T3	shell	loaded	None	ok
T3	socket	loaded	None	ok
T3	sofs	loaded	None	ok
T3	sys_core_fold	loaded	None	ok
T3	sys_core_inline	loaded	None	ok
T3	sys_coverage	loaded	None	ok
T3	sys_messages	loaded	None	ok
T3	zlib	loaded	None	ok
T3	logger_disk_log_h	loaded	None	ok
T3	logger_filters	loaded	None	ok
T3	logger_formatter	loaded	None	ok
T3	logger_h_common	loaded	None	ok
T3	logger_handler	loaded	None	ok
T3	logger_olp	loaded	None	ok
T3	logger_simple_h	loaded	None	ok
T3	logger_std_h	loaded	None	ok
T3	logger_sup	loaded	None	ok
