T4	Elixir.IEx.App	loaded	None	ok
T4	Elixir.IEx.Autocomplete	loaded	None	ok
T4	Elixir.IEx.Broker	loaded	None	ok
T4	Elixir.IEx.Config	loaded	None	ok
T4	Elixir.IEx.Evaluator	loaded	None	ok
T4	Elixir.IEx.Helpers	loaded	None	ok
T4	Elixir.IEx.History	loaded	None	ok
T4	Elixir.IEx.Info.Any	loaded	None	ok
T4	Elixir.IEx.Info.Atom	loaded	None	ok
T4	Elixir.IEx.Info.BitString	loaded	None	ok
T4	Elixir.IEx.Info.Date	loaded	None	ok
T4	Elixir.IEx.Info.DateTime	loaded	None	ok
T4	Elixir.IEx.Info.Float	loaded	None	ok
T4	Elixir.IEx.Info.Function	loaded	None	ok
T4	Elixir.IEx.Info.Integer	loaded	None	ok
T4	Elixir.IEx.Info.List	loaded	None	ok
T4	Elixir.IEx.Info.Map	loaded	None	ok
T4	Elixir.IEx.Info.NaiveDateTime	loaded	None	ok
T4	Elixir.IEx.Info.PID	loaded	None	ok
T4	Elixir.IEx.Info.Port	loaded	None	ok
T4	Elixir.IEx.Info.Range	loaded	None	ok
T4	Elixir.IEx.Info.Reference	loaded	None	ok
T4	Elixir.IEx.Info.Regex	loaded	None	ok
T4	Elixir.IEx.Info.Time	loaded	None	ok
T4	Elixir.IEx.Info.Tuple	loaded	None	ok
T4	Elixir.IEx.Info	loaded	None	ok
T4	Elixir.IEx.Introspection	loaded	None	ok
T4	Elixir.IEx.MixListener	loaded	None	ok
T4	Elixir.IEx.Pry	loaded	None	ok
T4	Elixir.IEx.Server	loaded	None	ok
T4	Elixir.IEx	loaded	None	ok
T4	Elixir.Collectable.Mix.Shell	loaded	None	ok
T4	Elixir.Mix.AppLoader	loaded	None	ok
T4	Elixir.Mix.CLI	loaded	None	ok
T4	Elixir.Mix.Compilers.Elixir	loaded	None	ok
T4	Elixir.Mix.Compilers.Erlang	loaded	None	ok
T4	Elixir.Mix.Compilers.Protocol	loaded	None	ok
T4	Elixir.Mix.Compilers.Test	loaded	None	ok
T4	Elixir.Mix.Config	loaded	None	ok
T4	Elixir.Mix.Dep.Converger	loaded	None	ok
T4	Elixir.Mix.Dep.ElixirSCM	loaded	None	ok
T4	Elixir.Mix.Dep.Fetcher	loaded	None	ok
T4	Elixir.Mix.Dep.Loader	loaded	None	ok
T4	Elixir.Mix.Dep.Lock	loaded	None	ok
T4	Elixir.Mix.Dep.Umbrella	loaded	None	ok
T4	Elixir.Mix.Dep	loaded	None	ok
T4	Elixir.Mix.ElixirVersionError	loaded	None	ok
T4	Elixir.Mix.Error	loaded	None	ok
T4	Elixir.Mix.Generator	loaded	None	ok
T4	Elixir.Mix.Hex	loaded	None	ok
T4	Elixir.Mix.InvalidTaskError	loaded	None	ok
T4	Elixir.Mix.Local.Installer	loaded	None	ok
T4	Elixir.Mix.Local	loaded	None	ok
T4	Elixir.Mix.NoProjectError	loaded	None	ok
T4	Elixir.Mix.NoTaskError	loaded	None	ok
T4	Elixir.Mix.Project	loaded	None	ok
T4	Elixir.Mix.ProjectStack	loaded	None	ok
T4	Elixir.Mix.PubSub.Subscriber	loaded	None	ok
T4	Elixir.Mix.PubSub	loaded	None	ok
T4	Elixir.Mix.Rebar	loaded	None	ok
T4	Elixir.Mix.Release	loaded	None	ok
T4	Elixir.Mix.RemoteConverger	loaded	None	ok
T4	Elixir.Mix.SCM.Git	loaded	None	ok
T4	Elixir.Mix.SCM.Path	loaded	None	ok
T4	Elixir.Mix.SCM	loaded	None	ok
T4	Elixir.Mix.Shell.IO	loaded	None	ok
T4	Elixir.Mix.Shell.Process	loaded	None	ok
T4	Elixir.Mix.Shell.Quiet	loaded	None	ok
T4	Elixir.Mix.Shell	loaded	None	ok
T4	Elixir.Mix.State	loaded	None	ok
T4	Elixir.Mix.Sync.Lock	loaded	None	ok
T4	Elixir.Mix.Sync.PubSub	loaded	None	ok
T4	Elixir.Mix.Task.Compiler.Diagnostic	loaded	None	ok
T4	Elixir.Mix.Task.Compiler	loaded	None	ok
T4	Elixir.Mix.Task	loaded	None	ok
T4	Elixir.Mix.Tasks.App.Config	loaded	None	ok
T4	Elixir.Mix.Tasks.App.Start	loaded	None	ok
T4	Elixir.Mix.Tasks.App.Tree	loaded	None	ok
T4	Elixir.Mix.Tasks.Archive.Build	loaded	None	ok
T4	Elixir.Mix.Tasks.Archive.Check	loaded	None	ok
T4	Elixir.Mix.Tasks.Archive.Install	loaded	None	ok
T4	Elixir.Mix.Tasks.Archive.Uninstall	loaded	None	ok
T4	Elixir.Mix.Tasks.Archive	loaded	None	ok
T4	Elixir.Mix.Tasks.Clean	loaded	None	ok
T4	Elixir.Mix.Tasks.Cmd	loaded	None	ok
T4	Elixir.Mix.Tasks.Compile.All	loaded	None	ok
T4	Elixir.Mix.Tasks.Compile.App	loaded	None	ok
T4	Elixir.Mix.Tasks.Compile.Elixir	loaded	None	ok
T4	Elixir.Mix.Tasks.Compile.Erlang	loaded	None	ok
T4	Elixir.Mix.Tasks.Compile.Leex	loaded	None	ok
T4	Elixir.Mix.Tasks.Compile.Protocols	loaded	None	ok
T4	Elixir.Mix.Tasks.Compile.Yecc	loaded	None	ok
T4	Elixir.Mix.Tasks.Compile	loaded	None	ok
T4	Elixir.Mix.Tasks.Deps.Clean	loaded	None	ok
T4	Elixir.Mix.Tasks.Deps.Compile	loaded	None	ok
T4	Elixir.Mix.Tasks.Deps.Get	loaded	None	ok
T4	Elixir.Mix.Tasks.Deps.Loadpaths	loaded	None	ok
T4	Elixir.Mix.Tasks.Deps.Partition	loaded	None	ok
T4	Elixir.Mix.Tasks.Deps.Precompile	loaded	None	ok
T4	Elixir.Mix.Tasks.Deps.Tree	loaded	None	ok
T4	Elixir.Mix.Tasks.Deps.Unlock	loaded	None	ok
T4	Elixir.Mix.Tasks.Deps.Update	loaded	None	ok
T4	Elixir.Mix.Tasks.Deps	loaded	None	ok
T4	Elixir.Mix.Tasks.Do	loaded	None	ok
T4	Elixir.Mix.Tasks.Escript.Build	loaded	None	ok
T4	Elixir.Mix.Tasks.Escript.Install	loaded	None	ok
T4	Elixir.Mix.Tasks.Escript.Uninstall	loaded	None	ok
T4	Elixir.Mix.Tasks.Escript	loaded	None	ok
T4	Elixir.Mix.Tasks.Eval	loaded	None	ok
T4	Elixir.Mix.Tasks.Format	loaded	None	ok
T4	Elixir.Mix.Tasks.Help	loaded	None	ok
T4	Elixir.Mix.Tasks.Iex	loaded	None	ok
T4	Elixir.Mix.Tasks.Loadconfig	loaded	None	ok
T4	Elixir.Mix.Tasks.Loadpaths	loaded	None	ok
T4	Elixir.Mix.Tasks.Local.Hex	loaded	None	ok
T4	Elixir.Mix.Tasks.Local.Rebar	loaded	None	ok
T4	Elixir.Mix.Tasks.Local	loaded	None	ok
T4	Elixir.Mix.Tasks.New	loaded	None	ok
T4	Elixir.Mix.Tasks.Profile.Cprof	loaded	None	ok
T4	Elixir.Mix.Tasks.Profile.Eprof	loaded	None	ok
T4	Elixir.Mix.Tasks.Profile.Fprof	loaded	None	ok
T4	Elixir.Mix.Tasks.Profile.Tprof	loaded	None	ok
T4	Elixir.Mix.Tasks.Release.Init	loaded	None	ok
T4	Elixir.Mix.Tasks.Release	loaded	None	ok
T4	Elixir.Mix.Tasks.Run	loaded	None	ok
T4	Elixir.Mix.Tasks.Source	loaded	None	ok
T4	Elixir.Mix.Tasks.Test.Coverage	loaded	None	ok
T4	Elixir.Mix.Tasks.Test	loaded	None	ok
T4	Elixir.Mix.Tasks.WillRecompile	loaded	None	ok
T4	Elixir.Mix.Tasks.Xref	loaded	None	ok
T4	Elixir.Mix.TasksServer	loaded	None	ok
T4	Elixir.Mix.Utils	loaded	None	ok
T4	Elixir.Mix	loaded	None	ok
T4	cover	loaded	None	ok
T4	cprof	loaded	None	ok
T4	digraph	loaded	None	ok
T4	digraph_utils	loaded	None	ok
T4	eprof	loaded	None	ok
T4	erl_tar	loaded	None	ok
T4	fprof	loaded	None	ok
T4	httpc	loaded	None	ok
T4	inets	loaded	None	ok
T4	leex	loaded	None	ok
T4	public_key	loaded	None	ok
T4	systools	loaded	None	ok
T4	tprof	loaded	None	ok
T4	yecc	loaded	None	ok
T4	zip	loaded	None	ok
