pin:      4a66232e1185b35188b33f60e73212fbb4730ffc
tree pre: 16 modified
opened:   2026-08-16T19:03:12Z
legs declared: 8
=== leg 1/8 : fmt ===
    rc=0
=== leg 2/8 : clippy ===
    rc=0
=== leg 3/8 : wasm32-check ===
    rc=0
=== leg 4/8 : wasm-tests ===
    rc=0
=== leg 5/8 : tests ===
    rc=0
=== leg 6/8 : blocking-call-in-native-bif ===
    rc=0
=== leg 7/8 : clippy-all-features ===
    rc=0
=== leg 8/8 : tests-all-features ===
    rc=0
--- scored: 8 / declared: 8 ---
--- tree post: 17 ---
--- pin post:  4a66232e1185b35188b33f60e73212fbb4730ffc ---
COMPLETE (derived: 8/8, pin stable)
CLOSE 2026-08-16T19:08:14Z
