beamr: warning: skipped /usr/local/lib/otp-29.0.5/lib/erlang/lib/debugger-7.0/ebin/dbg_ieval.beam: failed to decode BEAM data: unsupported opcode 186
beamr: warning: skipped 1 .beam file(s) in /usr/local/lib/otp-29.0.5/lib/erlang/lib/debugger-7.0/ebin
beamr: warning: skipped /usr/local/lib/otp-29.0.5/lib/erlang/lib/dialyzer-6.0.2/ebin/erl_types.beam: failed to decode BEAM data: unsupported opcode 186
beamr: warning: skipped /usr/local/lib/otp-29.0.5/lib/erlang/lib/dialyzer-6.0.2/ebin/dialyzer_codeserver.beam: failed to decode BEAM data: unsupported opcode 186
beamr: warning: skipped 2 .beam file(s) in /usr/local/lib/otp-29.0.5/lib/erlang/lib/dialyzer-6.0.2/ebin
beamr: warning: skipped /usr/local/lib/otp-29.0.5/lib/erlang/lib/kernel-11.0.3/ebin/inet_db.beam: failed to decode BEAM data: unsupported opcode 185
beamr: warning: skipped 1 .beam file(s) in /usr/local/lib/otp-29.0.5/lib/erlang/lib/kernel-11.0.3/ebin
beamr: warning: skipped /usr/local/lib/otp-29.0.5/lib/erlang/lib/megaco-4.9.1/ebin/megaco_per_media_gateway_control_v2.beam: failed to decode BEAM data: unsupported ETF literal tag 77
beamr: warning: skipped /usr/local/lib/otp-29.0.5/lib/erlang/lib/megaco-4.9.1/ebin/megaco_per_media_gateway_control_v3.beam: failed to decode BEAM data: unsupported ETF literal tag 77
beamr: warning: skipped /usr/local/lib/otp-29.0.5/lib/erlang/lib/megaco-4.9.1/ebin/megaco_per_media_gateway_control_v1.beam: failed to decode BEAM data: unsupported ETF literal tag 77
beamr: warning: skipped 3 .beam file(s) in /usr/local/lib/otp-29.0.5/lib/erlang/lib/megaco-4.9.1/ebin
beamr: warning: skipped /usr/local/lib/otp-29.0.5/lib/erlang/lib/public_key-1.21.4/ebin/PKIXAttributeCertificate-2009.beam: failed to decode BEAM data: unsupported ETF literal tag 77
beamr: warning: skipped 1 .beam file(s) in /usr/local/lib/otp-29.0.5/lib/erlang/lib/public_key-1.21.4/ebin
beamr: warning: skipped /usr/local/lib/otp-29.0.5/lib/erlang/lib/stdlib-8.0.3/ebin/rand.beam: failed to decode BEAM data: unsupported opcode 185
beamr: warning: skipped /usr/local/lib/otp-29.0.5/lib/erlang/lib/stdlib-8.0.3/ebin/calendar.beam: failed to decode BEAM data: unsupported opcode 185
beamr: warning: skipped /usr/local/lib/otp-29.0.5/lib/erlang/lib/stdlib-8.0.3/ebin/io_lib.beam: failed to decode BEAM data: unsupported opcode 186
beamr: warning: skipped /usr/local/lib/otp-29.0.5/lib/erlang/lib/stdlib-8.0.3/ebin/io_lib_fread.beam: failed to decode BEAM data: unsupported opcode 185
beamr: warning: skipped /usr/local/lib/otp-29.0.5/lib/erlang/lib/stdlib-8.0.3/ebin/io_lib_pretty.beam: failed to decode BEAM data: unsupported opcode 186
beamr: warning: skipped /usr/local/lib/otp-29.0.5/lib/erlang/lib/stdlib-8.0.3/ebin/erl_eval.beam: failed to decode BEAM data: unsupported opcode 186
beamr: warning: skipped 6 .beam file(s) in /usr/local/lib/otp-29.0.5/lib/erlang/lib/stdlib-8.0.3/ebin
beamr: load: failed to decode BEAM data: unsupported opcode 191
