pin: e74d9f23d12e51ee4e023acb4edbca0772fe93d1
opened: 2026-08-16T19:36:44Z

################ ARM A ################
--- the mutation, as the compiler will see it ---
+    /// Heap words a `{Key, Value}` list of `entry_count` entries needs.
+    const fn entries_heap_words(entry_count: usize) -> usize {
+        entry_count * 5
+        self.ensure_heap_space(Self::entries_heap_words(count))?;
+        self.ensure_heap_space(Self::entries_heap_words(count))?;
+        self.ensure_heap_space(Self::list_heap_words(count))?;
--- probe alone ---
   Compiling beamr v0.18.2 (/Users/tom/Developer/ablative/stack/beamr/crates/beamr)
    Finished `test` profile [unoptimized + debuginfo] target(s) in 20.11s
     Running unittests src/lib.rs (target/debug/deps/beamr-0b2a72eef2a28bb6)

running 1 test
CONTROL 1: 22 words available vs 1000 needed
test native::dictionary_bifs::tests::ar1_site4_defended_by_the_callers_prereserve_not_by_the_site ... ok

test result: ok. 1 passed; 0 failed; 0 ignored; 0 measured; 1832 filtered out; finished in 0.01s

ARM A PROBE rc=0
--- whole dictionary_bifs module ---
    Finished `test` profile [unoptimized + debuginfo] target(s) in 0.37s
     Running unittests src/lib.rs (target/debug/deps/beamr-0b2a72eef2a28bb6)

running 8 tests
test native::dictionary_bifs::tests::ar1_site4_defended_by_the_callers_prereserve_not_by_the_site ... ok
test native::dictionary_bifs::tests::dictionary_bifs_put_get_and_erase_round_trip ... ok
test native::dictionary_bifs::tests::erase_0_returns_previous_entries_and_clears_dictionary ... ok
test native::dictionary_bifs::tests::erase_0_reports_allocation_failure_without_clearing_dictionary ... ok
test native::dictionary_bifs::tests::get_0_returns_complete_dictionary_as_tuple_list ... ok
test native::dictionary_bifs::tests::get_keys_1_matches_values_with_exact_equality ... ok
test native::dictionary_bifs::tests::get_0_preflights_heap_space_while_dictionary_roots_boxed_entries ... ok
test native::dictionary_bifs::tests::register_dictionary_bifs_registers_all_process_local ... ok

test result: ok. 8 passed; 0 failed; 0 ignored; 0 measured; 1825 filtered out; finished in 0.01s

ARM A MODULE rc=0

ARM B mutation applied
################ ARM B ################
--- the mutation, as the compiler will see it ---
+    /// Heap words a `{Key, Value}` list of `entry_count` entries needs.
+    const fn entries_heap_words(entry_count: usize) -> usize {
+        entry_count * 5
+        self.ensure_heap_space(Self::entries_heap_words(count))?;
+        self.ensure_heap_space(Self::list_heap_words(count))?;
--- probe alone ---
   Compiling beamr v0.18.2 (/Users/tom/Developer/ablative/stack/beamr/crates/beamr)
    Finished `test` profile [unoptimized + debuginfo] target(s) in 13.31s
     Running unittests src/lib.rs (target/debug/deps/beamr-0b2a72eef2a28bb6)

running 1 test
CONTROL 1: 22 words available vs 1000 needed

thread 'native::dictionary_bifs::tests::ar1_site4_defended_by_the_callers_prereserve_not_by_the_site' (43499012) panicked at crates/beamr/src/native/dictionary_bifs.rs:246:38:
dictionary entry tuple
note: run with `RUST_BACKTRACE=1` environment variable to display a backtrace
test native::dictionary_bifs::tests::ar1_site4_defended_by_the_callers_prereserve_not_by_the_site ... FAILED

failures:

failures:
    native::dictionary_bifs::tests::ar1_site4_defended_by_the_callers_prereserve_not_by_the_site

test result: FAILED. 0 passed; 1 failed; 0 ignored; 0 measured; 1832 filtered out; finished in 0.00s

error: test failed, to rerun pass `-p beamr --lib`
ARM B PROBE rc=101
--- whole dictionary_bifs module ---
    Finished `test` profile [unoptimized + debuginfo] target(s) in 0.12s
     Running unittests src/lib.rs (target/debug/deps/beamr-0b2a72eef2a28bb6)

running 8 tests
test native::dictionary_bifs::tests::dictionary_bifs_put_get_and_erase_round_trip ... ok
test native::dictionary_bifs::tests::get_0_returns_complete_dictionary_as_tuple_list ... ok
test native::dictionary_bifs::tests::erase_0_returns_previous_entries_and_clears_dictionary ... ok
test native::dictionary_bifs::tests::erase_0_reports_allocation_failure_without_clearing_dictionary ... ok
test native::dictionary_bifs::tests::get_keys_1_matches_values_with_exact_equality ... ok
test native::dictionary_bifs::tests::get_0_preflights_heap_space_while_dictionary_roots_boxed_entries ... ok
test native::dictionary_bifs::tests::register_dictionary_bifs_registers_all_process_local ... ok
test native::dictionary_bifs::tests::ar1_site4_defended_by_the_callers_prereserve_not_by_the_site ... FAILED

failures:

---- native::dictionary_bifs::tests::ar1_site4_defended_by_the_callers_prereserve_not_by_the_site stdout ----
CONTROL 1: 22 words available vs 1000 needed

thread 'native::dictionary_bifs::tests::ar1_site4_defended_by_the_callers_prereserve_not_by_the_site' (43499173) panicked at crates/beamr/src/native/dictionary_bifs.rs:246:38:
dictionary entry tuple
note: run with `RUST_BACKTRACE=1` environment variable to display a backtrace


failures:
    native::dictionary_bifs::tests::ar1_site4_defended_by_the_callers_prereserve_not_by_the_site

test result: FAILED. 7 passed; 1 failed; 0 ignored; 0 measured; 1825 filtered out; finished in 0.00s

error: test failed, to rerun pass `-p beamr --lib`
ARM B MODULE rc=101

ARM D mutation applied
################ ARM D ################
--- the mutation, as the compiler will see it ---
+    /// Heap words a `{Key, Value}` list of `entry_count` entries needs.
+    const fn entries_heap_words(entry_count: usize) -> usize {
+        entry_count * 2
+        self.ensure_heap_space(Self::entries_heap_words(count))?;
+        self.ensure_heap_space(Self::entries_heap_words(count))?;
+        self.ensure_heap_space(Self::list_heap_words(count))?;
--- probe alone ---
   Compiling beamr v0.18.2 (/Users/tom/Developer/ablative/stack/beamr/crates/beamr)
    Finished `test` profile [unoptimized + debuginfo] target(s) in 9.58s
     Running unittests src/lib.rs (target/debug/deps/beamr-0b2a72eef2a28bb6)

running 1 test
CONTROL 1: 22 words available vs 1000 needed

thread 'native::dictionary_bifs::tests::ar1_site4_defended_by_the_callers_prereserve_not_by_the_site' (43501792) panicked at crates/beamr/src/native/dictionary_bifs.rs:246:38:
dictionary entry tuple
note: run with `RUST_BACKTRACE=1` environment variable to display a backtrace
test native::dictionary_bifs::tests::ar1_site4_defended_by_the_callers_prereserve_not_by_the_site ... FAILED

failures:

failures:
    native::dictionary_bifs::tests::ar1_site4_defended_by_the_callers_prereserve_not_by_the_site

test result: FAILED. 0 passed; 1 failed; 0 ignored; 0 measured; 1832 filtered out; finished in 0.01s

error: test failed, to rerun pass `-p beamr --lib`
ARM D PROBE rc=101
--- whole dictionary_bifs module ---
    Finished `test` profile [unoptimized + debuginfo] target(s) in 0.32s
     Running unittests src/lib.rs (target/debug/deps/beamr-0b2a72eef2a28bb6)

running 8 tests
test native::dictionary_bifs::tests::dictionary_bifs_put_get_and_erase_round_trip ... ok
test native::dictionary_bifs::tests::get_keys_1_matches_values_with_exact_equality ... ok
test native::dictionary_bifs::tests::erase_0_returns_previous_entries_and_clears_dictionary ... ok
test native::dictionary_bifs::tests::get_0_returns_complete_dictionary_as_tuple_list ... ok
test native::dictionary_bifs::tests::get_0_preflights_heap_space_while_dictionary_roots_boxed_entries ... ok
test native::dictionary_bifs::tests::erase_0_reports_allocation_failure_without_clearing_dictionary ... FAILED
test native::dictionary_bifs::tests::register_dictionary_bifs_registers_all_process_local ... ok
test native::dictionary_bifs::tests::ar1_site4_defended_by_the_callers_prereserve_not_by_the_site ... FAILED

failures:

---- native::dictionary_bifs::tests::erase_0_reports_allocation_failure_without_clearing_dictionary stdout ----

thread 'native::dictionary_bifs::tests::erase_0_reports_allocation_failure_without_clearing_dictionary' (43502034) panicked at crates/beamr/src/native/dictionary_bifs.rs:333:9:
assertion `left == right` failed
  left: Ok(Term(4363408709))
 right: Err(Term(73))
note: run with `RUST_BACKTRACE=1` environment variable to display a backtrace

---- native::dictionary_bifs::tests::ar1_site4_defended_by_the_callers_prereserve_not_by_the_site stdout ----
CONTROL 1: 22 words available vs 1000 needed

thread 'native::dictionary_bifs::tests::ar1_site4_defended_by_the_callers_prereserve_not_by_the_site' (43502032) panicked at crates/beamr/src/native/dictionary_bifs.rs:246:38:
dictionary entry tuple


failures:
    native::dictionary_bifs::tests::ar1_site4_defended_by_the_callers_prereserve_not_by_the_site
    native::dictionary_bifs::tests::erase_0_reports_allocation_failure_without_clearing_dictionary

test result: FAILED. 6 passed; 2 failed; 0 ignored; 0 measured; 1825 filtered out; finished in 0.00s

error: test failed, to rerun pass `-p beamr --lib`
ARM D MODULE rc=101

restored; residual diff on crates/beamr/src/native/context/mod.rs vs arm-A backup:
IDENTICAL
closed: 2026-08-16T19:37:32Z
